[www.t2c-register.com/Home/index.html]
[backblue.gif]
[fade.gif]
[index.html]
[www.t2c-register.com/Resources/style.min.css]
[www.t2c-register.com/Resources/theme.min.css]
[www.t2c-register.com/Resources/header-footer.min.css]
[www.t2c-register.com/Resources/frontend-lite.min.css]
[www.t2c-register.com/Resources/post-8.css]
[www.t2c-register.com/Resources/swiper.min.css]
[www.t2c-register.com/Resources/frontend-lite(1).min.css]
[www.t2c-register.com/Resources/global.css]
[www.t2c-register.com/Resources/post-12.css]
[www.t2c-register.com/Resources/post-21.css]
[www.t2c-register.com/Resources/post-26.css]
[www.t2c-register.com/Resources/T2CLUB-Logo50px.png]
[www.t2c-register.com/Resources/T2CLUB-LogoFinal-1-min.png]
[www.t2c-register.com/Home/index_cn.html]
[www.t2c-register.com/Resources/Language.png]
[www.t2c-register.com/Resources/Group-1-min.png]
[www.t2c-register.com/Resources/widget-icon-box.min.css]
[www.t2c-register.com/Resources/Mask-group-min.png]
[www.t2c-register.com/Resources/Mask-group-1-min.png]
[www.t2c-register.com/Resources/Mask-group-2-min.png]
[www.t2c-register.com/Resources/Mask-group-3-min.png]
[www.t2c-register.com/Resources/10-min.png]
[www.t2c-register.com/Resources/11-min.png]
[www.t2c-register.com/Resources/12-min.png]
[www.t2c-register.com/Resources/1-min.png]
[www.t2c-register.com/Resources/2-min.png]
[www.t2c-register.com/Resources/3-min.png]
[www.t2c-register.com/Resources/4-min.png]
[www.t2c-register.com/Resources/5-min.png]
[www.t2c-register.com/Resources/6-min.png]
[www.t2c-register.com/Resources/7-min.png]
[www.t2c-register.com/Resources/8-min.png]
[www.t2c-register.com/Resources/9-min.png]
[www.t2c-register.com/Resources/Group-7-2-min.png]
[www.t2c-register.com/Resources/Group-9-min.png]
[www.t2c-register.com/Resources/Clasic-VIP-min.png]
[www.t2c-register.com/Resources/Silver-VIP-min.png]
[www.t2c-register.com/Resources/Gold-VIP-min.png]
[www.t2c-register.com/Resources/Platinum-VIP-min.png]
[www.t2c-register.com/Resources/Diamond-VIP-min.png]
[www.t2c-register.com/Resources/Group.png]
[www.t2c-register.com/Home/index.html]
[www.t2c-register.com/Resources/style.min.css]
[www.t2c-register.com/Resources/theme.min.css]
[www.t2c-register.com/Resources/header-footer.min.css]
[www.t2c-register.com/Resources/frontend-lite.min.css]
[www.t2c-register.com/Resources/post-8.css]
[www.t2c-register.com/Resources/swiper.min.css]
[www.t2c-register.com/Resources/frontend-lite(1).min.css]
[www.t2c-register.com/Resources/global.css]
[t2club.nerdscode.co/wp-content/uploads/2024/06/Rectangle-min.png]
[www.t2c-register.com/Resources/post-12.css]
[www.t2c-register.com/Resources/post-21.css]
[www.t2c-register.com/Resources/post-26.css]
[www.t2c-register.com/Resources_cn/style.min.css]
[www.t2c-register.com/Resources_cn/theme.min.css]
[www.t2c-register.com/Resources_cn/header-footer.min.css]
[www.t2c-register.com/Resources_cn/frontend-lite.min.css]
[www.t2c-register.com/Resources_cn/post-8.css]
[www.t2c-register.com/Resources_cn/swiper.min.css]
[www.t2c-register.com/Resources_cn/frontend-lite(1).min.css]
[www.t2c-register.com/Resources_cn/global.css]
[www.t2c-register.com/Resources_cn/post-1140.css]
[www.t2c-register.com/Resources_cn/post-687.css]
[www.t2c-register.com/Resources_cn/post-26.css]
[www.t2c-register.com/Resources_cn/T2CLUB-Logo50px.png]
[www.t2c-register.com/Resources_cn/T2CLUB-LogoFinal-1-min.png]
[www.t2c-register.com/Resources_cn/Language-min.png]
[www.t2c-register.com/Resources_cn/Group-1-min.png]
[www.t2c-register.com/Resources_cn/widget-icon-box.min.css]
[www.t2c-register.com/Resources_cn/Mask-group-min.png]
[www.t2c-register.com/Resources_cn/Mask-group-1-min.png]
[www.t2c-register.com/Resources_cn/Mask-group-2-min.png]
[www.t2c-register.com/Resources_cn/Mask-group-3-min.png]
[www.t2c-register.com/Resources_cn/10-min.png]
[www.t2c-register.com/Resources_cn/11-min.png]
[www.t2c-register.com/Resources_cn/12-min.png]
[www.t2c-register.com/Resources_cn/1-min.png]
[www.t2c-register.com/Resources_cn/2-min.png]
[www.t2c-register.com/Resources_cn/3-min.png]
[www.t2c-register.com/Resources_cn/4-min.png]
[www.t2c-register.com/Resources_cn/5-min.png]
[www.t2c-register.com/Resources_cn/6-min.png]
[www.t2c-register.com/Resources_cn/7-min.png]
[www.t2c-register.com/Resources_cn/8-min.png]
[www.t2c-register.com/Resources_cn/9-min.png]
[www.t2c-register.com/Resources_cn/Group-7-2-min.png]
[www.t2c-register.com/Resources_cn/Group-9-min.png]
[www.t2c-register.com/Resources_cn/Clasic-VIP-min.png]
[www.t2c-register.com/Resources_cn/Silver-VIP-min.png]
[www.t2c-register.com/Resources_cn/Gold-VIP-min.png]
[www.t2c-register.com/Resources_cn/Platinum-VIP-min.png]
[www.t2c-register.com/Resources_cn/Diamond-VIP-min.png]
[www.t2c-register.com/Resources_cn/Group.png]
[www.t2c-register.com/Home/index_cn.html]
[www.t2c-register.com/Resources/widget-icon-box.min.css]
[www.t2c-register.com/Resources_cn/style.min.css]
[www.t2c-register.com/Resources_cn/theme.min.css]
[www.t2c-register.com/Resources_cn/header-footer.min.css]
[www.t2c-register.com/Resources_cn/frontend-lite.min.css]
[www.t2c-register.com/Resources_cn/post-8.css]
[www.t2c-register.com/Resources_cn/swiper.min.css]
[www.t2c-register.com/Resources_cn/frontend-lite(1).min.css]
[www.t2c-register.com/Resources_cn/global.css]
[www.t2c-register.com/Resources_cn/post-1140.css]
[www.t2c-register.com/Resources_cn/post-687.css]
[www.t2c-register.com/Resources_cn/post-26.css]
[www.t2c-register.com/Resources_cn/T2CLUB-Logo50px.html]
[www.t2c-register.com/Resources_cn/widget-icon-box.min.css]
